// Jest Snapshot v1, https://jestjs.io/docs/snapshot-testing

exports[`Audio should render an HTML5 audio player 1`] = `
<audio
  controls=""
  style="display: block; max-width: 100%; height: auto;"
>
  <source
    src="https://spotify.com/example.mp3"
    type="audio/mp3"
  />
  <p>
    Your browser does not support HTML5 audio. Here is a
     
    <a
      download=""
      href="https://spotify.com/example.mp3"
    >
      link to the audio file
    </a>
     
    instead.
  </p>
</audio>
`;
